------------------------------------------------------------
TimeQuest Timing Analyzer Summary
------------------------------------------------------------

Type  : Slow 1200mV 100C Model Setup 'clk'
Slack : 18.861
TNS   : 0.000

Type  : Slow 1200mV 100C Model Hold 'clk'
Slack : 0.415
TNS   : 0.000

Type  : Slow 1200mV 100C Model Recovery 'clk'
Slack : 38.764
TNS   : 0.000

Type  : Slow 1200mV 100C Model Removal 'clk'
Slack : 4.526
TNS   : 0.000

Type  : Slow 1200mV 100C Model Minimum Pulse Width 'clk'
Slack : 24.702
TNS   : 0.000

Type  : Slow 1200mV -40C Model Setup 'clk'
Slack : 22.036
TNS   : 0.000

Type  : Slow 1200mV -40C Model Hold 'clk'
Slack : 0.342
TNS   : 0.000

Type  : Slow 1200mV -40C Model Recovery 'clk'
Slack : 40.116
TNS   : 0.000

Type  : Slow 1200mV -40C Model Removal 'clk'
Slack : 4.122
TNS   : 0.000

Type  : Slow 1200mV -40C Model Minimum Pulse Width 'clk'
Slack : 24.640
TNS   : 0.000

Type  : Fast 1200mV -40C Model Setup 'clk'
Slack : 33.620
TNS   : 0.000

Type  : Fast 1200mV -40C Model Hold 'clk'
Slack : 0.178
TNS   : 0.000

Type  : Fast 1200mV -40C Model Recovery 'clk'
Slack : 42.271
TNS   : 0.000

Type  : Fast 1200mV -40C Model Removal 'clk'
Slack : 3.180
TNS   : 0.000

Type  : Fast 1200mV -40C Model Minimum Pulse Width 'clk'
Slack : 24.447
TNS   : 0.000

------------------------------------------------------------
